// Jest Snapshot v1, https://goo.gl/fbAQLP

exports[`<FormattedDateParts> accepts \`format\` prop 1`] = `
Array [
  Array [
    Array [
      Object {
        "type": "year",
        "value": "2019",
      },
    ],
  ],
]
`;

exports[`<FormattedDateParts> accepts valid Intl.DateTimeFormat options as props 1`] = `
Array [
  Array [
    Array [
      Object {
        "type": "year",
        "value": "2019",
      },
    ],
  ],
]
`;

exports[`<FormattedDateParts> falls back and warns on invalid Intl.DateTimeFormat options 1`] = `
Array [
  Array [
    Array [],
  ],
]
`;
