// Jest Snapshot v1, https://goo.gl/fbAQLP

exports[`<FormattedMessage> rich text supports rich-text message formatting w/ nested tag 1`] = `
<FormattedMessage
  defaultMessage="Hello, <b>{name}<i>!</i></b>"
  id="hello"
  values={
    Object {
      "b": [Function],
      "i": [Function],
      "name": "Jest",
    }
  }
>
  Hello, 
  <b>
    Jest
    <i>
      !
    </i>
  </b>
</FormattedMessage>
`;

exports[`<FormattedMessage> should work with mount enzyme 1`] = `
<span>
  <FormattedMessage
    id="foo"
    values={Object {}}
  >
    hello foo
  </FormattedMessage>
</span>
`;

exports[`<FormattedMessage> should work with shallow enzyme 1`] = `
<ContextConsumer>
  <Component />
</ContextConsumer>
`;

exports[`<FormattedMessage> should work with shallow enzyme 2`] = `
<Fragment>
  hello foo
</Fragment>
`;
